Initializing...
Loading settings...
Checking RPC connectivity...
Compiling workflow...
✓ Workflow compiled
✓ Simulation limits enabled
  HTTP: req=120kb resp=250kb timeout=10s | ConfHTTP: req=125kb resp=500kb timeout=1m30s | Consensus obs=25kb | ChainWrite evm_report=50kb evm_gas=10000000 solana_report=265b solana_cu=300000 | WASM binary=100mb compressed=20mb
  Binary hash: 3f4c6e0166c4227d73dd39d1429712a54415d5c3bc634cab12d836ce972a83e4
  Config hash: 437e31a77426b81dc3c375eb978350d7c09756e7a0025d6e39c4e8ee6ea83026
✓ Parsed JSON input successfully
✓ Created HTTP trigger payload with 2 fields
2026-09-12T19:41:58Z [SIMULATION] Simulator Initialized

2026-09-12T19:41:58Z [SIMULATION] Running trigger trigger=http-trigger@1.0.0-alpha
╭────────────────────────────────────────────────────────────────────────────────────────────────────╮
│ Trigger requested TEE Execution your trigger will run in one of the following Tees:                │
│     - AWS Nitro in us-west-2                                                                       │
│ The simulator is not a real TEE, and is meant to debug.                                            │
│ Do not use it for sensitive information.                                                           │
│ During real execution, user logs for this trigger will not be visible, and will not leave the TEE. │
│ They are presented in the simulator for debugging only.                                            │
│                                                                                                    │
╰────────────────────────────────────────────────────────────────────────────────────────────────────╯

2026-09-12T19:41:58Z [USER LOG] TEE handler: verdict=deny reason=rate limited

✓ Workflow Simulation Result:
"{\"allow\":false,\"maxTinybars\":\"150000\",\"reason\":\"rate limited\"}"

2026-09-12T19:41:58Z [SIMULATION] Execution finished signal received
2026-09-12T19:41:58Z [SIMULATION] Skipping WorkflowEngineV2

╭──────────────────────────────────────────────────────╮
│ Simulation complete! Ready to deploy your workflow?  │
│                                                      │
│ Run cre account access to request deployment access. │
╰──────────────────────────────────────────────────────╯
