Initializing...
Loading settings...
Checking RPC connectivity...
Compiling workflow...
✓ Workflow compiled
✓ Simulation limits enabled
  HTTP: req=120kb resp=250kb timeout=10s | ConfHTTP: req=125kb resp=500kb timeout=1m30s | Consensus obs=25kb | ChainWrite evm_report=50kb evm_gas=10000000 solana_report=265b solana_cu=300000 | WASM binary=100mb compressed=20mb
  Binary hash: dd3abe6743b4cdb49ecf7c8faa41c2d56b6bd24ebee315cbf93218c4d2ce7de6
  Config hash: 4a71011db96407a3768e9661038da5c4890c72583cbddb2248b43e27f4fccf10
✓ Parsed JSON input successfully
✓ Created HTTP trigger payload with 1 fields
2026-09-11T11:54:26Z [SIMULATION] Simulator Initialized

2026-09-11T11:54:26Z [SIMULATION] Running trigger trigger=http-trigger@1.0.0-alpha
╭────────────────────────────────────────────────────────────────────────────────────────────────────╮
│ Trigger requested TEE Execution your trigger will run in one of the following Tees:                │
│     - AWS Nitro in us-west-2                                                                       │
│ The simulator is not a real TEE, and is meant to debug.                                            │
│ Do not use it for sensitive information.                                                           │
│ During real execution, user logs for this trigger will not be visible, and will not leave the TEE. │
│ They are presented in the simulator for debugging only.                                            │
│                                                                                                    │
╰────────────────────────────────────────────────────────────────────────────────────────────────────╯

2026-09-11T11:54:26Z [USER LOG] TEE handler: action=join

✓ Workflow Simulation Result:
"{\"action\":\"join\",\"to\":\"0x88574e7Cc0027afd04951daa09B64d4441931ba1\",\"data\":\"0xb688a363\",\"chainId\":11155111,\"chain\":\"ethereum-testnet-sepolia\"}"

2026-09-11T11:54:26Z [SIMULATION] Execution finished signal received
2026-09-11T11:54:26Z [SIMULATION] Skipping WorkflowEngineV2

╭──────────────────────────────────────────────────────╮
│ Simulation complete! Ready to deploy your workflow?  │
│                                                      │
│ Run cre account access to request deployment access. │
╰──────────────────────────────────────────────────────╯
